Success      "✓ pinned 3 actions\n"
Error        "✗ could not resolve actions/checkout\n"
Warning      "! ref moved upstream\n"
Skip         "- already pinned\n"
Info         "scanning 2 workflows\n"
Infof        "no trailing newline"
Header       "\n.github/workflows/ci.yml\n"
Hint         "  run gh actions-lock to fix\n"
Detail       "  actions/checkout@v4\n"
Blank        "\n"
TermSuccess  "✓ all dependencies locked\n"
TermError    "✗ 1 finding needs review\n"
TermWarn     "! 2 refs moved\n"
TermCaution  "! pinned after branch scan\n"
TermDetail   "  see actions.lock\n"
TermNeutral  "- resolution recorded\n"
TermBlank    "\n"
Bold         "sample"
Dim          "sample"
Red          "sample"
Green        "sample"
Yellow       "sample"
Cyan         "sample"
Hyperlink    "text"
DocLink      "docs"
TermYellow   "sample"
TermDim      "sample"
TermBold     "sample"
TermLink     "text"
Pluralize1   "action"
PluralizeN   "actions"
