Success      "\x1b[32m✓\x1b[0m pinned 3 actions\n"
Error        "\x1b[31m✗\x1b[0m could not resolve actions/checkout\n"
Warning      "\x1b[33m!\x1b[0m ref moved upstream\n"
Skip         "\x1b[2m-\x1b[0m \x1b[2malready pinned\x1b[0m\n"
Info         "scanning 2 workflows\n"
Infof        "no trailing newline"
Header       "\n\x1b[1m.github/workflows/ci.yml\x1b[0m\n"
Hint         "  \x1b[2mrun gh actions-lock to fix\x1b[0m\n"
Detail       "  actions/checkout@v4\n"
Blank        "\n"
TermSuccess  "\x1b[32m✓\x1b[0m all dependencies locked\n"
TermError    "\x1b[31m✗\x1b[0m 1 finding needs review\n"
TermWarn     "\x1b[33m!\x1b[0m 2 refs moved\n"
TermCaution  "\x1b[33m!\x1b[0m pinned after branch scan\n"
TermDetail   "  see actions.lock\n"
TermNeutral  "\x1b[2m-\x1b[0m \x1b[2mresolution recorded\x1b[0m\n"
TermBlank    "\n"
Bold         "\x1b[1msample\x1b[0m"
Dim          "\x1b[2msample\x1b[0m"
Red          "\x1b[31msample\x1b[0m"
Green        "\x1b[32msample\x1b[0m"
Yellow       "\x1b[33msample\x1b[0m"
Cyan         "\x1b[36msample\x1b[0m"
Hyperlink    "\x1b]8;;https://example.com/x\x1b\\text\x1b]8;;\x1b\\"
DocLink      "\x1b[2m\x1b]8;;https://example.com/docs\x1b\\docs\x1b]8;;\x1b\\\x1b[0m"
TermYellow   "\x1b[33msample\x1b[0m"
TermDim      "\x1b[2msample\x1b[0m"
TermBold     "\x1b[1msample\x1b[0m"
TermLink     "\x1b]8;;https://example.com/x\x1b\\text\x1b]8;;\x1b\\"
Pluralize1   "action"
PluralizeN   "actions"
